[2026-05-18T10:21:23] ============================================================
[2026-05-18T10:21:23] Morning Preview — starting
[2026-05-18T10:21:23] Discovering account UUID...
[2026-05-18T10:21:24]   Found account: b0d61a36-f329-4226-9d82-4494deaee5f5
[2026-05-18T10:21:24] Fetching current symphony allocation from Composer API...
[2026-05-18T10:21:26]   Got 3 positions from API
[2026-05-18T10:21:26]     SGOV        0.83%
[2026-05-18T10:21:26]     GLDM        0.09%
[2026-05-18T10:21:26]     TECL        0.08%
[2026-05-18T10:21:26] Loading previous allocation for comparison...
[2026-05-18T10:21:26]   Previous date: 2026-05-17
[2026-05-18T10:21:26]   Changes:
[2026-05-19T09:45:02] ============================================================
[2026-05-19T09:45:02] Morning Preview — starting
[2026-05-19T09:45:02] Discovering account UUID...
[2026-05-19T09:45:03]   Found account: b0d61a36-f329-4226-9d82-4494deaee5f5
[2026-05-19T09:45:03] Fetching current symphony allocation from Composer API...
[2026-05-19T09:45:05]   Got 3 positions from API
[2026-05-19T09:45:05]     SGOV        0.81%
[2026-05-19T09:45:05]     TQQQ        0.10%
[2026-05-19T09:45:05]     GLDM        0.09%
[2026-05-19T09:45:05] Loading previous allocation for comparison...
[2026-05-19T09:45:05]   Previous date: 2026-05-18
[2026-05-19T09:45:05]   Changes:
[2026-05-20T09:45:01] ============================================================
[2026-05-20T09:45:01] Morning Preview — starting
[2026-05-20T09:45:01] Discovering account UUID...
[2026-05-20T09:45:05]   Found account: b0d61a36-f329-4226-9d82-4494deaee5f5
[2026-05-20T09:45:05] Fetching current symphony allocation from Composer API...
[2026-05-20T09:45:09]   Got 3 positions from API
[2026-05-20T09:45:09]     SGOV        0.83%
[2026-05-20T09:45:09]     GLDM        0.09%
[2026-05-20T09:45:09]     TQQQ        0.08%
[2026-05-20T09:45:09] Loading previous allocation for comparison...
[2026-05-20T09:45:09]   Previous date: 2026-05-19
[2026-05-20T09:45:09]   Changes:
[2026-05-21T09:45:00] ============================================================
[2026-05-21T09:45:00] Morning Preview — starting
[2026-05-21T09:45:00] Discovering account UUID...
[2026-05-21T09:45:02]   Found account: b0d61a36-f329-4226-9d82-4494deaee5f5
[2026-05-21T09:45:02] Fetching current symphony allocation from Composer API...
[2026-05-21T09:45:03]   Got 3 positions from API
[2026-05-21T09:45:03]     SGOV        0.83%
[2026-05-21T09:45:03]     GLDM        0.09%
[2026-05-21T09:45:03]     TQQQ        0.08%
[2026-05-21T09:45:03] Loading previous allocation for comparison...
[2026-05-21T09:45:03]   Previous date: 2026-05-20
[2026-05-21T09:45:03]   Changes:
[2026-05-22T09:45:01] ============================================================
[2026-05-22T09:45:01] Morning Preview — starting
[2026-05-22T09:45:01] Discovering account UUID...
[2026-05-22T09:45:03]   Found account: b0d61a36-f329-4226-9d82-4494deaee5f5
[2026-05-22T09:45:03] Fetching current symphony allocation from Composer API...
[2026-05-22T09:45:05]   Got 3 positions from API
[2026-05-22T09:45:05]     SGOV        0.82%
[2026-05-22T09:45:05]     GLDM        0.09%
[2026-05-22T09:45:05]     TECL        0.08%
[2026-05-22T09:45:05] Loading previous allocation for comparison...
[2026-05-22T09:45:05]   Previous date: 2026-05-21
[2026-05-22T09:45:05]   Changes:
[2026-05-23T09:45:00] ============================================================
[2026-05-23T09:45:00] Morning Preview — starting
[2026-05-23T09:45:00] Discovering account UUID...
[2026-05-23T09:45:01]   Found account: b0d61a36-f329-4226-9d82-4494deaee5f5
[2026-05-23T09:45:01] Fetching current symphony allocation from Composer API...
[2026-05-23T09:45:03]   Got 3 positions from API
[2026-05-23T09:45:03]     SGOV        0.83%
[2026-05-23T09:45:03]     GLDM        0.09%
[2026-05-23T09:45:03]     TECL        0.08%
[2026-05-23T09:45:03] Loading previous allocation for comparison...
[2026-05-23T09:45:03]   Previous date: 2026-05-22
[2026-05-23T09:45:03]   Changes:
[2026-05-25T09:45:00] ============================================================
[2026-05-25T09:45:00] Morning Preview — starting
[2026-05-25T09:45:00] Discovering account UUID...
[2026-05-25T09:45:02]   Found account: b0d61a36-f329-4226-9d82-4494deaee5f5
[2026-05-25T09:45:02] Fetching current symphony allocation from Composer API...
[2026-05-25T09:45:03]   Got 3 positions from API
[2026-05-25T09:45:03]     SGOV        0.83%
[2026-05-25T09:45:03]     GLDM        0.09%
[2026-05-25T09:45:03]     TECL        0.08%
[2026-05-25T09:45:03] Loading previous allocation for comparison...
[2026-05-25T09:45:03]   Previous date: 2026-05-24
[2026-05-25T09:45:03]   Changes:
[2026-05-26T09:45:00] ============================================================
[2026-05-26T09:45:00] Morning Preview — starting
[2026-05-26T09:45:00] Discovering account UUID...
[2026-05-26T09:45:01]   Found account: b0d61a36-f329-4226-9d82-4494deaee5f5
[2026-05-26T09:45:01] Fetching current symphony allocation from Composer API...
[2026-05-26T09:45:03]   Got 3 positions from API
[2026-05-26T09:45:03]     SGOV        0.82%
[2026-05-26T09:45:03]     GLDM        0.09%
[2026-05-26T09:45:03]     TECL        0.08%
[2026-05-26T09:45:03] Loading previous allocation for comparison...
[2026-05-26T09:45:03]   Previous date: 2026-05-25
[2026-05-26T09:45:03]   Changes:
[2026-05-27T09:45:00] ============================================================
[2026-05-27T09:45:00] Morning Preview — starting
[2026-05-27T09:45:01] Discovering account UUID...
[2026-05-27T09:45:02]   Found account: b0d61a36-f329-4226-9d82-4494deaee5f5
[2026-05-27T09:45:02] Fetching current symphony allocation from Composer API...
[2026-05-27T09:45:03]   Got 3 positions from API
[2026-05-27T09:45:03]     SGOV        0.83%
[2026-05-27T09:45:03]     GLDM        0.09%
[2026-05-27T09:45:03]     QQQ         0.08%
[2026-05-27T09:45:03] Loading previous allocation for comparison...
[2026-05-27T09:45:03]   Previous date: 2026-05-26
[2026-05-27T09:45:03]   Changes:
[2026-05-28T09:45:01] ============================================================
[2026-05-28T09:45:01] Morning Preview — starting
[2026-05-28T09:45:01] Discovering account UUID...
[2026-05-28T09:45:02]   Found account: b0d61a36-f329-4226-9d82-4494deaee5f5
[2026-05-28T09:45:02] Fetching current symphony allocation from Composer API...
[2026-05-28T09:45:03]   Got 3 positions from API
[2026-05-28T09:45:03]     SGOV        0.83%
[2026-05-28T09:45:03]     GLDM        0.09%
[2026-05-28T09:45:03]     QQQ         0.08%
[2026-05-28T09:45:03] Loading previous allocation for comparison...
[2026-05-28T09:45:03]   Previous date: 2026-05-27
[2026-05-28T09:45:03]   Changes:
[2026-05-29T09:45:01] ============================================================
[2026-05-29T09:45:01] Morning Preview — starting
[2026-05-29T09:45:01] Discovering account UUID...
[2026-05-29T09:45:02]   Found account: b0d61a36-f329-4226-9d82-4494deaee5f5
[2026-05-29T09:45:02] Fetching current symphony allocation from Composer API...
[2026-05-29T09:45:03]   Got 3 positions from API
[2026-05-29T09:45:03]     SGOV        0.83%
[2026-05-29T09:45:03]     GLDM        0.09%
[2026-05-29T09:45:03]     QQQ         0.08%
[2026-05-29T09:45:03] Loading previous allocation for comparison...
[2026-05-29T09:45:04]   Previous date: 2026-05-28
[2026-05-29T09:45:04]   Changes:
[2026-05-30T09:45:01] ============================================================
[2026-05-30T09:45:01] Morning Preview — starting
[2026-05-30T09:45:01] Discovering account UUID...
[2026-05-30T09:45:03]   Found account: b0d61a36-f329-4226-9d82-4494deaee5f5
[2026-05-30T09:45:03] Fetching current symphony allocation from Composer API...
[2026-05-30T09:45:06]   Got 3 positions from API
[2026-05-30T09:45:06]     SGOV        0.83%
[2026-05-30T09:45:06]     GLDM        0.09%
[2026-05-30T09:45:06]     QQQ         0.08%
[2026-05-30T09:45:06] Loading previous allocation for comparison...
[2026-05-30T09:45:06]   Previous date: 2026-05-29
[2026-05-30T09:45:06]   Changes:
[2026-06-01T10:55:22] ============================================================
[2026-06-01T10:55:22] Morning Preview — starting
[2026-06-01T10:55:22] Discovering account UUID...
[2026-06-01T10:55:36]   Found account: b0d61a36-f329-4226-9d82-4494deaee5f5
[2026-06-01T10:55:36] Fetching current symphony allocation from Composer API...
[2026-06-01T10:55:38]   Got 3 positions from API
[2026-06-01T10:55:38]     SGOV        0.83%
[2026-06-01T10:55:38]     GLDM        0.09%
[2026-06-01T10:55:38]     QQQ         0.08%
[2026-06-01T10:55:38] Loading previous allocation for comparison...
[2026-06-01T10:55:38]   Previous date: 2026-05-31
[2026-06-01T10:55:38]   Changes:
[2026-06-02T09:45:00] ============================================================
[2026-06-02T09:45:00] Morning Preview — starting
[2026-06-02T09:45:00] Discovering account UUID...
[2026-06-02T09:45:02]   Found account: b0d61a36-f329-4226-9d82-4494deaee5f5
[2026-06-02T09:45:02] Fetching current symphony allocation from Composer API...
[2026-06-02T09:45:03]   Got 3 positions from API
[2026-06-02T09:45:03]     SGOV        0.83%
[2026-06-02T09:45:03]     GLDM        0.09%
[2026-06-02T09:45:03]     QQQ         0.08%
[2026-06-02T09:45:03] Loading previous allocation for comparison...
[2026-06-02T09:45:03]   Previous date: 2026-06-01
[2026-06-02T09:45:03]   Changes:
[2026-06-03T09:45:01] ============================================================
[2026-06-03T09:45:01] Morning Preview — starting
[2026-06-03T09:45:01] Discovering account UUID...
[2026-06-03T09:45:03]   Found account: b0d61a36-f329-4226-9d82-4494deaee5f5
[2026-06-03T09:45:03] Fetching current symphony allocation from Composer API...
[2026-06-03T09:45:04]   Got 3 positions from API
[2026-06-03T09:45:04]     SGOV        0.83%
[2026-06-03T09:45:04]     GLDM        0.09%
[2026-06-03T09:45:04]     QQQ         0.08%
[2026-06-03T09:45:04] Loading previous allocation for comparison...
[2026-06-03T09:45:04]   Previous date: 2026-06-02
[2026-06-03T09:45:04]   Changes:
[2026-06-04T09:45:01] ============================================================
[2026-06-04T09:45:01] Morning Preview — starting
[2026-06-04T09:45:01] Discovering account UUID...
[2026-06-04T09:45:02]   Found account: b0d61a36-f329-4226-9d82-4494deaee5f5
[2026-06-04T09:45:02] Fetching current symphony allocation from Composer API...
[2026-06-04T09:45:04]   Got 3 positions from API
[2026-06-04T09:45:04]     SGOV        0.82%
[2026-06-04T09:45:04]     GLDM        0.09%
[2026-06-04T09:45:04]     TECL        0.07%
[2026-06-04T09:45:04] Loading previous allocation for comparison...
[2026-06-04T09:45:04]   Previous date: 2026-06-03
[2026-06-04T09:45:04]   Changes:
[2026-06-05T09:45:01] ============================================================
[2026-06-05T09:45:01] Morning Preview — starting
[2026-06-05T09:45:01] Discovering account UUID...
[2026-06-05T09:45:02]   Found account: b0d61a36-f329-4226-9d82-4494deaee5f5
[2026-06-05T09:45:02] Fetching current symphony allocation from Composer API...
[2026-06-05T09:45:04]   Got 3 positions from API
[2026-06-05T09:45:04]     SGOV        0.83%
[2026-06-05T09:45:04]     GLDM        0.09%
[2026-06-05T09:45:04]     TQQQ        0.08%
[2026-06-05T09:45:04] Loading previous allocation for comparison...
[2026-06-05T09:45:04]   Previous date: 2026-06-04
[2026-06-05T09:45:04]   Changes:
[2026-06-06T09:45:01] ============================================================
[2026-06-06T09:45:01] Morning Preview — starting
[2026-06-06T09:45:02] Discovering account UUID...
[2026-06-06T09:45:03]   Found account: b0d61a36-f329-4226-9d82-4494deaee5f5
[2026-06-06T09:45:03] Fetching current symphony allocation from Composer API...
[2026-06-06T09:45:04]   Got 3 positions from API
[2026-06-06T09:45:04]     SGOV        0.83%
[2026-06-06T09:45:04]     GLDM        0.09%
[2026-06-06T09:45:04]     PSQ         0.08%
[2026-06-06T09:45:04] Loading previous allocation for comparison...
[2026-06-06T09:45:05]   Previous date: 2026-06-05
[2026-06-06T09:45:05]   Changes:
[2026-06-08T09:45:00] ============================================================
[2026-06-08T09:45:00] Morning Preview — starting
[2026-06-08T09:45:00] Discovering account UUID...
[2026-06-08T09:45:01]   Found account: b0d61a36-f329-4226-9d82-4494deaee5f5
[2026-06-08T09:45:01] Fetching current symphony allocation from Composer API...
[2026-06-08T09:45:03]   Got 3 positions from API
[2026-06-08T09:45:03]     SGOV        0.83%
[2026-06-08T09:45:03]     GLDM        0.09%
[2026-06-08T09:45:03]     PSQ         0.08%
[2026-06-08T09:45:03] Loading previous allocation for comparison...
[2026-06-08T09:45:03]   Previous date: 2026-06-07
[2026-06-08T09:45:03]   Changes:
[2026-06-09T09:45:00] ============================================================
[2026-06-09T09:45:00] Morning Preview — starting
[2026-06-09T09:45:00] Discovering account UUID...
[2026-06-09T09:45:02]   Found account: b0d61a36-f329-4226-9d82-4494deaee5f5
[2026-06-09T09:45:02] Fetching current symphony allocation from Composer API...
[2026-06-09T09:45:03]   Got 3 positions from API
[2026-06-09T09:45:03]     SGOV        0.83%
[2026-06-09T09:45:03]     GLDM        0.09%
[2026-06-09T09:45:03]     UDOW        0.08%
[2026-06-09T09:45:03] Loading previous allocation for comparison...
[2026-06-09T09:45:03]   Previous date: 2026-06-08
[2026-06-09T09:45:03]   Changes:
[2026-06-10T09:45:00] ============================================================
[2026-06-10T09:45:00] Morning Preview — starting
[2026-06-10T09:45:00] Discovering account UUID...
[2026-06-10T09:45:02]   Found account: b0d61a36-f329-4226-9d82-4494deaee5f5
[2026-06-10T09:45:02] Fetching current symphony allocation from Composer API...
[2026-06-10T09:45:03]   Got 3 positions from API
[2026-06-10T09:45:03]     SGOV        0.83%
[2026-06-10T09:45:03]     GLDM        0.09%
[2026-06-10T09:45:03]     PSQ         0.08%
[2026-06-10T09:45:03] Loading previous allocation for comparison...
[2026-06-10T09:45:03]   Previous date: 2026-06-09
[2026-06-10T09:45:03]   Changes:
[2026-06-11T09:45:01] ============================================================
[2026-06-11T09:45:01] Morning Preview — starting
[2026-06-11T09:45:01] Discovering account UUID...
[2026-06-11T09:45:02]   Found account: b0d61a36-f329-4226-9d82-4494deaee5f5
[2026-06-11T09:45:02] Fetching current symphony allocation from Composer API...
[2026-06-11T09:45:03]   Got 3 positions from API
[2026-06-11T09:45:03]     SGOV        0.83%
[2026-06-11T09:45:03]     GLDM        0.09%
[2026-06-11T09:45:03]     PSQ         0.08%
[2026-06-11T09:45:03] Loading previous allocation for comparison...
[2026-06-11T09:45:03]   Previous date: 2026-06-10
[2026-06-11T09:45:03]   Changes:
[2026-06-12T09:45:01] ============================================================
[2026-06-12T09:45:01] Morning Preview — starting
[2026-06-12T09:45:01] Discovering account UUID...
[2026-06-12T09:45:02]   Found account: b0d61a36-f329-4226-9d82-4494deaee5f5
[2026-06-12T09:45:02] Fetching current symphony allocation from Composer API...
[2026-06-12T09:45:03] ERROR: Symphony qjmHJ3IR19kmaAlbgkNj not found in account stats.
[2026-06-13T09:45:01] ============================================================
[2026-06-13T09:45:01] Morning Preview — starting
[2026-06-13T09:45:01] Discovering account UUID...
[2026-06-13T09:45:02]   Found account: b0d61a36-f329-4226-9d82-4494deaee5f5
[2026-06-13T09:45:02] Fetching current symphony allocation from Composer API...
[2026-06-13T09:45:03] ERROR: Symphony qjmHJ3IR19kmaAlbgkNj not found in account stats.
[2026-06-15T09:45:00] ============================================================
[2026-06-15T09:45:00] Morning Preview — starting
[2026-06-15T09:45:01] Discovering account UUID...
[2026-06-15T09:45:02]   Found account: b0d61a36-f329-4226-9d82-4494deaee5f5
[2026-06-15T09:45:02] Fetching current symphony allocation from Composer API...
[2026-06-15T09:45:03] ERROR: Symphony qjmHJ3IR19kmaAlbgkNj not found in account stats.
[2026-06-16T09:45:01] ============================================================
[2026-06-16T09:45:01] Morning Preview — starting
[2026-06-16T09:45:01] Discovering account UUID...
[2026-06-16T09:45:02]   Found account: b0d61a36-f329-4226-9d82-4494deaee5f5
[2026-06-16T09:45:02] Fetching current symphony allocation from Composer API...
[2026-06-16T09:45:04] ERROR: Symphony qjmHJ3IR19kmaAlbgkNj not found in account stats.
[2026-06-17T09:45:01] ============================================================
[2026-06-17T09:45:01] Morning Preview — starting
[2026-06-17T09:45:01] Discovering account UUID...
[2026-06-17T09:45:02]   Found account: b0d61a36-f329-4226-9d82-4494deaee5f5
[2026-06-17T09:45:02] Fetching current symphony allocation from Composer API...
[2026-06-17T09:45:03] ERROR: Symphony qjmHJ3IR19kmaAlbgkNj not found in account stats.
[2026-06-18T09:45:01] ============================================================
[2026-06-18T09:45:01] Morning Preview — starting
[2026-06-18T09:45:01] Discovering account UUID...
[2026-06-18T09:45:02]   Found account: b0d61a36-f329-4226-9d82-4494deaee5f5
[2026-06-18T09:45:03] Fetching current symphony allocation from Composer API...
[2026-06-18T09:45:04] ERROR: Symphony qjmHJ3IR19kmaAlbgkNj not found in account stats.
[2026-06-19T09:45:01] ============================================================
[2026-06-19T09:45:01] Morning Preview — starting
[2026-06-19T09:45:01] Discovering account UUID...
[2026-06-19T09:45:02]   Found account: b0d61a36-f329-4226-9d82-4494deaee5f5
[2026-06-19T09:45:02] Fetching current symphony allocation from Composer API...
[2026-06-19T09:45:04] ERROR: Symphony qjmHJ3IR19kmaAlbgkNj not found in account stats.
[2026-06-20T09:45:00] ============================================================
[2026-06-20T09:45:00] Morning Preview — starting
[2026-06-20T09:45:00] Discovering account UUID...
[2026-06-22T09:45:00] ============================================================
[2026-06-22T09:45:00] Morning Preview — starting
[2026-06-22T09:45:00] Discovering account UUID...
[2026-06-23T09:45:00] ============================================================
[2026-06-23T09:45:00] Morning Preview — starting
[2026-06-23T09:45:00] Discovering account UUID...
[2026-06-23T09:45:02]   Found account: b0d61a36-f329-4226-9d82-4494deaee5f5
[2026-06-23T09:45:02] Fetching current symphony allocation from Composer API...
[2026-06-23T09:45:04] ERROR: Symphony qjmHJ3IR19kmaAlbgkNj not found in account stats.
[2026-06-24T09:45:01] ============================================================
[2026-06-24T09:45:01] Morning Preview — starting
[2026-06-24T09:45:01] Discovering account UUID...
[2026-06-24T09:45:02]   Found account: b0d61a36-f329-4226-9d82-4494deaee5f5
[2026-06-24T09:45:02] Fetching current symphony allocation from Composer API...
[2026-06-24T09:45:03] ERROR: Symphony qjmHJ3IR19kmaAlbgkNj not found in account stats.
[2026-06-25T09:45:01] ============================================================
[2026-06-25T09:45:01] Morning Preview — starting
[2026-06-25T09:45:01] Discovering account UUID...
[2026-06-25T09:45:01]   Found account: b0d61a36-f329-4226-9d82-4494deaee5f5
[2026-06-25T09:45:01] Fetching current symphony allocation from Composer API...
[2026-06-25T09:45:02] ERROR: Symphony qjmHJ3IR19kmaAlbgkNj not found in account stats.
[2026-06-26T09:45:00] ============================================================
[2026-06-26T09:45:00] Morning Preview — starting
[2026-06-26T09:45:00] Discovering account UUID...
[2026-06-27T09:45:02] ============================================================
[2026-06-27T09:45:02] Morning Preview — starting
[2026-06-27T09:45:02] Discovering account UUID...
[2026-06-29T09:45:00] ============================================================
[2026-06-29T09:45:00] Morning Preview — starting
[2026-06-29T09:45:01] Discovering account UUID...
[2026-06-30T09:45:01] ============================================================
[2026-06-30T09:45:01] Morning Preview — starting
[2026-06-30T09:45:01] Discovering account UUID...
[2026-07-01T17:47:27] ============================================================
[2026-07-01T17:47:27] Morning Preview — starting
[2026-07-01T17:47:27] Discovering account UUID...
[2026-07-04T12:00:29] ============================================================
[2026-07-04T12:00:29] Morning Preview — starting
[2026-07-04T12:00:30] Discovering account UUID...
[2026-07-06T09:45:02] ============================================================
[2026-07-06T09:45:02] Morning Preview — starting
[2026-07-06T09:45:02] Discovering account UUID...
[2026-07-07T16:19:15] ============================================================
[2026-07-07T16:19:15] Morning Preview — starting
[2026-07-07T16:19:15] Discovering account UUID...
[2026-07-08T09:45:00] ============================================================
[2026-07-08T09:45:00] Morning Preview — starting
[2026-07-08T09:45:00] Discovering account UUID...
[2026-07-09T09:45:00] ============================================================
[2026-07-09T09:45:00] Morning Preview — starting
[2026-07-09T09:45:00] Discovering account UUID...
[2026-07-10T09:45:01] ============================================================
[2026-07-10T09:45:01] Morning Preview — starting
[2026-07-10T09:45:01] Discovering account UUID...
[2026-07-11T12:37:46] ============================================================
[2026-07-11T12:37:46] Morning Preview — starting
[2026-07-11T12:37:47] Discovering account UUID...
[2026-07-13T09:45:01] ============================================================
[2026-07-13T09:45:01] Morning Preview — starting
[2026-07-13T09:45:01] Discovering account UUID...
[2026-07-15T09:45:01] ============================================================
[2026-07-15T09:45:01] Morning Preview — starting
[2026-07-15T09:45:01] Discovering account UUID...
[2026-07-16T09:45:01] ============================================================
[2026-07-16T09:45:01] Morning Preview — starting
[2026-07-16T09:45:01] Discovering account UUID...
[2026-07-17T09:45:01] ============================================================
[2026-07-17T09:45:01] Morning Preview — starting
[2026-07-17T09:45:01] Discovering account UUID...
[2026-07-18T09:45:00] ============================================================
[2026-07-18T09:45:00] Morning Preview — starting
[2026-07-18T09:45:00] Discovering account UUID...
[2026-07-20T09:45:00] ============================================================
[2026-07-20T09:45:00] Morning Preview — starting
[2026-07-20T09:45:00] Discovering account UUID...
